// Jest Snapshot v1, https://goo.gl/fbAQLP

exports[`test LoadingInfiniteScroll snapshot should match snapshot 1`] = `ShallowWrapper {}`;
